hello
john
how

are you today?











































What a test this is

7 farting farthings

ssss
ssss

aaaa


ccc


bbbbb

banish me

aaaa



cdscdsc
